============================= test session starts =============================
platform win32 -- Python 3.13.2, pytest-9.0.1, pluggy-1.6.0 -- C:\Users\steve\dev\CosmoSim\.venv\Scripts\python.exe
cachedir: .pytest_cache
rootdir: C:\Users\steve\dev\CosmoSim
collecting ... collected 44 items

tests/test_interface_integrity.py::test_interface_existence[run_sim] ERROR
tests/test_interface_integrity.py::test_interface_existence[jit_run_sim] ERROR
tests/test_interface_integrity.py::test_interface_existence[visualize] ERROR
tests/test_interface_integrity.py::test_interface_existence[snapshot_plot] ERROR
tests/test_interface_integrity.py::test_interface_existence[trajectory_plot] ERROR
tests/test_interface_integrity.py::test_interface_existence[energy_plot] ERROR
tests/test_interface_integrity.py::test_interface_existence[scenarios.manual_run] ERROR
tests/test_interface_integrity.py::test_interface_existence[scenarios.random_nbody] ERROR
tests/test_interface_integrity.py::test_interface_existence[scenarios.scenario_runner] ERROR
tests/test_interface_integrity.py::test_build_config_returns_config[run_sim] ERROR
tests/test_interface_integrity.py::test_build_config_returns_config[jit_run_sim] ERROR
tests/test_interface_integrity.py::test_build_config_returns_config[visualize] ERROR
tests/test_interface_integrity.py::test_build_config_returns_config[snapshot_plot] ERROR
tests/test_interface_integrity.py::test_build_config_returns_config[trajectory_plot] ERROR
tests/test_interface_integrity.py::test_build_config_returns_config[energy_plot] ERROR
tests/test_interface_integrity.py::test_build_config_returns_config[scenarios.manual_run] ERROR
tests/test_interface_integrity.py::test_build_config_returns_config[scenarios.random_nbody] ERROR
tests/test_interface_integrity.py::test_build_config_returns_config[scenarios.scenario_runner] ERROR
tests/test_interface_integrity.py::test_build_initial_state_returns_state[run_sim] ERROR
tests/test_interface_integrity.py::test_build_initial_state_returns_state[jit_run_sim] ERROR
tests/test_interface_integrity.py::test_build_initial_state_returns_state[visualize] ERROR
tests/test_interface_integrity.py::test_build_initial_state_returns_state[snapshot_plot] ERROR
tests/test_interface_integrity.py::test_build_initial_state_returns_state[trajectory_plot] ERROR
tests/test_interface_integrity.py::test_build_initial_state_returns_state[energy_plot] ERROR
tests/test_interface_integrity.py::test_build_initial_state_returns_state[scenarios.manual_run] ERROR
tests/test_interface_integrity.py::test_build_initial_state_returns_state[scenarios.random_nbody] ERROR
tests/test_interface_integrity.py::test_build_initial_state_returns_state[scenarios.scenario_runner] ERROR
tests/test_interface_integrity.py::test_run_executes_and_returns_state[run_sim] ERROR
tests/test_interface_integrity.py::test_run_executes_and_returns_state[jit_run_sim] ERROR
tests/test_interface_integrity.py::test_run_executes_and_returns_state[visualize] ERROR
tests/test_interface_integrity.py::test_run_executes_and_returns_state[snapshot_plot] ERROR
tests/test_interface_integrity.py::test_run_executes_and_returns_state[trajectory_plot] ERROR
tests/test_interface_integrity.py::test_run_executes_and_returns_state[energy_plot] ERROR
tests/test_interface_integrity.py::test_run_executes_and_returns_state[scenarios.manual_run] ERROR
tests/test_interface_integrity.py::test_run_executes_and_returns_state[scenarios.random_nbody] ERROR
tests/test_interface_integrity.py::test_run_executes_and_returns_state[scenarios.scenario_runner] ERROR
tests/test_ux_behavior.py::test_printing_behavior_run_sim ERROR
tests/test_ux_behavior.py::test_printing_behavior_manual_run ERROR
tests/test_ux_behavior.py::test_file_output_behavior[visualize] ERROR
tests/test_ux_behavior.py::test_file_output_behavior[snapshot_plot] ERROR
tests/test_ux_behavior.py::test_file_output_behavior[trajectory_plot] ERROR
tests/test_ux_behavior.py::test_file_output_behavior[energy_plot] ERROR
tests/test_ux_behavior.py::test_file_output_behavior[scenarios.random_nbody] ERROR
tests/test_ux_behavior.py::test_silent_execution_scenario_runner ERROR

=================================== ERRORS ====================================
_____________ ERROR at setup of test_interface_existence[run_sim] _____________
tests\conftest.py:127: in speed_patch
    monkeypatch.setattr(mod, "range", _capped_range)
E   AttributeError: <module 'run_sim' from 'C:\\Users\\steve\\dev\\CosmoSim\\run_sim.py'> has no attribute 'range'
___________ ERROR at setup of test_interface_existence[jit_run_sim] ___________
tests\conftest.py:127: in speed_patch
    monkeypatch.setattr(mod, "range", _capped_range)
E   AttributeError: <module 'run_sim' from 'C:\\Users\\steve\\dev\\CosmoSim\\run_sim.py'> has no attribute 'range'
____________ ERROR at setup of test_interface_existence[visualize] ____________
tests\conftest.py:127: in speed_patch
    monkeypatch.setattr(mod, "range", _capped_range)
E   AttributeError: <module 'run_sim' from 'C:\\Users\\steve\\dev\\CosmoSim\\run_sim.py'> has no attribute 'range'
__________ ERROR at setup of test_interface_existence[snapshot_plot] __________
tests\conftest.py:127: in speed_patch
    monkeypatch.setattr(mod, "range", _capped_range)
E   AttributeError: <module 'run_sim' from 'C:\\Users\\steve\\dev\\CosmoSim\\run_sim.py'> has no attribute 'range'
_________ ERROR at setup of test_interface_existence[trajectory_plot] _________
tests\conftest.py:127: in speed_patch
    monkeypatch.setattr(mod, "range", _capped_range)
E   AttributeError: <module 'run_sim' from 'C:\\Users\\steve\\dev\\CosmoSim\\run_sim.py'> has no attribute 'range'
___________ ERROR at setup of test_interface_existence[energy_plot] ___________
tests\conftest.py:127: in speed_patch
    monkeypatch.setattr(mod, "range", _capped_range)
E   AttributeError: <module 'run_sim' from 'C:\\Users\\steve\\dev\\CosmoSim\\run_sim.py'> has no attribute 'range'
______ ERROR at setup of test_interface_existence[scenarios.manual_run] _______
tests\conftest.py:127: in speed_patch
    monkeypatch.setattr(mod, "range", _capped_range)
E   AttributeError: <module 'run_sim' from 'C:\\Users\\steve\\dev\\CosmoSim\\run_sim.py'> has no attribute 'range'
_____ ERROR at setup of test_interface_existence[scenarios.random_nbody] ______
tests\conftest.py:127: in speed_patch
    monkeypatch.setattr(mod, "range", _capped_range)
E   AttributeError: <module 'run_sim' from 'C:\\Users\\steve\\dev\\CosmoSim\\run_sim.py'> has no attribute 'range'
____ ERROR at setup of test_interface_existence[scenarios.scenario_runner] ____
tests\conftest.py:127: in speed_patch
    monkeypatch.setattr(mod, "range", _capped_range)
E   AttributeError: <module 'run_sim' from 'C:\\Users\\steve\\dev\\CosmoSim\\run_sim.py'> has no attribute 'range'
_________ ERROR at setup of test_build_config_returns_config[run_sim] _________
tests\conftest.py:127: in speed_patch
    monkeypatch.setattr(mod, "range", _capped_range)
E   AttributeError: <module 'run_sim' from 'C:\\Users\\steve\\dev\\CosmoSim\\run_sim.py'> has no attribute 'range'
_______ ERROR at setup of test_build_config_returns_config[jit_run_sim] _______
tests\conftest.py:127: in speed_patch
    monkeypatch.setattr(mod, "range", _capped_range)
E   AttributeError: <module 'run_sim' from 'C:\\Users\\steve\\dev\\CosmoSim\\run_sim.py'> has no attribute 'range'
________ ERROR at setup of test_build_config_returns_config[visualize] ________
tests\conftest.py:127: in speed_patch
    monkeypatch.setattr(mod, "range", _capped_range)
E   AttributeError: <module 'run_sim' from 'C:\\Users\\steve\\dev\\CosmoSim\\run_sim.py'> has no attribute 'range'
______ ERROR at setup of test_build_config_returns_config[snapshot_plot] ______
tests\conftest.py:127: in speed_patch
    monkeypatch.setattr(mod, "range", _capped_range)
E   AttributeError: <module 'run_sim' from 'C:\\Users\\steve\\dev\\CosmoSim\\run_sim.py'> has no attribute 'range'
_____ ERROR at setup of test_build_config_returns_config[trajectory_plot] _____
tests\conftest.py:127: in speed_patch
    monkeypatch.setattr(mod, "range", _capped_range)
E   AttributeError: <module 'run_sim' from 'C:\\Users\\steve\\dev\\CosmoSim\\run_sim.py'> has no attribute 'range'
_______ ERROR at setup of test_build_config_returns_config[energy_plot] _______
tests\conftest.py:127: in speed_patch
    monkeypatch.setattr(mod, "range", _capped_range)
E   AttributeError: <module 'run_sim' from 'C:\\Users\\steve\\dev\\CosmoSim\\run_sim.py'> has no attribute 'range'
__ ERROR at setup of test_build_config_returns_config[scenarios.manual_run] ___
tests\conftest.py:127: in speed_patch
    monkeypatch.setattr(mod, "range", _capped_range)
E   AttributeError: <module 'run_sim' from 'C:\\Users\\steve\\dev\\CosmoSim\\run_sim.py'> has no attribute 'range'
_ ERROR at setup of test_build_config_returns_config[scenarios.random_nbody] __
tests\conftest.py:127: in speed_patch
    monkeypatch.setattr(mod, "range", _capped_range)
E   AttributeError: <module 'run_sim' from 'C:\\Users\\steve\\dev\\CosmoSim\\run_sim.py'> has no attribute 'range'
_ ERROR at setup of test_build_config_returns_config[scenarios.scenario_runner] _
tests\conftest.py:127: in speed_patch
    monkeypatch.setattr(mod, "range", _capped_range)
E   AttributeError: <module 'run_sim' from 'C:\\Users\\steve\\dev\\CosmoSim\\run_sim.py'> has no attribute 'range'
______ ERROR at setup of test_build_initial_state_returns_state[run_sim] ______
tests\conftest.py:127: in speed_patch
    monkeypatch.setattr(mod, "range", _capped_range)
E   AttributeError: <module 'run_sim' from 'C:\\Users\\steve\\dev\\CosmoSim\\run_sim.py'> has no attribute 'range'
____ ERROR at setup of test_build_initial_state_returns_state[jit_run_sim] ____
tests\conftest.py:127: in speed_patch
    monkeypatch.setattr(mod, "range", _capped_range)
E   AttributeError: <module 'run_sim' from 'C:\\Users\\steve\\dev\\CosmoSim\\run_sim.py'> has no attribute 'range'
_____ ERROR at setup of test_build_initial_state_returns_state[visualize] _____
tests\conftest.py:127: in speed_patch
    monkeypatch.setattr(mod, "range", _capped_range)
E   AttributeError: <module 'run_sim' from 'C:\\Users\\steve\\dev\\CosmoSim\\run_sim.py'> has no attribute 'range'
___ ERROR at setup of test_build_initial_state_returns_state[snapshot_plot] ___
tests\conftest.py:127: in speed_patch
    monkeypatch.setattr(mod, "range", _capped_range)
E   AttributeError: <module 'run_sim' from 'C:\\Users\\steve\\dev\\CosmoSim\\run_sim.py'> has no attribute 'range'
__ ERROR at setup of test_build_initial_state_returns_state[trajectory_plot] __
tests\conftest.py:127: in speed_patch
    monkeypatch.setattr(mod, "range", _capped_range)
E   AttributeError: <module 'run_sim' from 'C:\\Users\\steve\\dev\\CosmoSim\\run_sim.py'> has no attribute 'range'
____ ERROR at setup of test_build_initial_state_returns_state[energy_plot] ____
tests\conftest.py:127: in speed_patch
    monkeypatch.setattr(mod, "range", _capped_range)
E   AttributeError: <module 'run_sim' from 'C:\\Users\\steve\\dev\\CosmoSim\\run_sim.py'> has no attribute 'range'
_ ERROR at setup of test_build_initial_state_returns_state[scenarios.manual_run] _
tests\conftest.py:127: in speed_patch
    monkeypatch.setattr(mod, "range", _capped_range)
E   AttributeError: <module 'run_sim' from 'C:\\Users\\steve\\dev\\CosmoSim\\run_sim.py'> has no attribute 'range'
_ ERROR at setup of test_build_initial_state_returns_state[scenarios.random_nbody] _
tests\conftest.py:127: in speed_patch
    monkeypatch.setattr(mod, "range", _capped_range)
E   AttributeError: <module 'run_sim' from 'C:\\Users\\steve\\dev\\CosmoSim\\run_sim.py'> has no attribute 'range'
_ ERROR at setup of test_build_initial_state_returns_state[scenarios.scenario_runner] _
tests\conftest.py:127: in speed_patch
    monkeypatch.setattr(mod, "range", _capped_range)
E   AttributeError: <module 'run_sim' from 'C:\\Users\\steve\\dev\\CosmoSim\\run_sim.py'> has no attribute 'range'
_______ ERROR at setup of test_run_executes_and_returns_state[run_sim] ________
tests\conftest.py:127: in speed_patch
    monkeypatch.setattr(mod, "range", _capped_range)
E   AttributeError: <module 'run_sim' from 'C:\\Users\\steve\\dev\\CosmoSim\\run_sim.py'> has no attribute 'range'
_____ ERROR at setup of test_run_executes_and_returns_state[jit_run_sim] ______
tests\conftest.py:127: in speed_patch
    monkeypatch.setattr(mod, "range", _capped_range)
E   AttributeError: <module 'run_sim' from 'C:\\Users\\steve\\dev\\CosmoSim\\run_sim.py'> has no attribute 'range'
______ ERROR at setup of test_run_executes_and_returns_state[visualize] _______
tests\conftest.py:127: in speed_patch
    monkeypatch.setattr(mod, "range", _capped_range)
E   AttributeError: <module 'run_sim' from 'C:\\Users\\steve\\dev\\CosmoSim\\run_sim.py'> has no attribute 'range'
____ ERROR at setup of test_run_executes_and_returns_state[snapshot_plot] _____
tests\conftest.py:127: in speed_patch
    monkeypatch.setattr(mod, "range", _capped_range)
E   AttributeError: <module 'run_sim' from 'C:\\Users\\steve\\dev\\CosmoSim\\run_sim.py'> has no attribute 'range'
___ ERROR at setup of test_run_executes_and_returns_state[trajectory_plot] ____
tests\conftest.py:127: in speed_patch
    monkeypatch.setattr(mod, "range", _capped_range)
E   AttributeError: <module 'run_sim' from 'C:\\Users\\steve\\dev\\CosmoSim\\run_sim.py'> has no attribute 'range'
_____ ERROR at setup of test_run_executes_and_returns_state[energy_plot] ______
tests\conftest.py:127: in speed_patch
    monkeypatch.setattr(mod, "range", _capped_range)
E   AttributeError: <module 'run_sim' from 'C:\\Users\\steve\\dev\\CosmoSim\\run_sim.py'> has no attribute 'range'
_ ERROR at setup of test_run_executes_and_returns_state[scenarios.manual_run] _
tests\conftest.py:127: in speed_patch
    monkeypatch.setattr(mod, "range", _capped_range)
E   AttributeError: <module 'run_sim' from 'C:\\Users\\steve\\dev\\CosmoSim\\run_sim.py'> has no attribute 'range'
_ ERROR at setup of test_run_executes_and_returns_state[scenarios.random_nbody] _
tests\conftest.py:127: in speed_patch
    monkeypatch.setattr(mod, "range", _capped_range)
E   AttributeError: <module 'run_sim' from 'C:\\Users\\steve\\dev\\CosmoSim\\run_sim.py'> has no attribute 'range'
_ ERROR at setup of test_run_executes_and_returns_state[scenarios.scenario_runner] _
tests\conftest.py:127: in speed_patch
    monkeypatch.setattr(mod, "range", _capped_range)
E   AttributeError: <module 'run_sim' from 'C:\\Users\\steve\\dev\\CosmoSim\\run_sim.py'> has no attribute 'range'
______________ ERROR at setup of test_printing_behavior_run_sim _______________
tests\conftest.py:127: in speed_patch
    monkeypatch.setattr(mod, "range", _capped_range)
E   AttributeError: <module 'run_sim' from 'C:\\Users\\steve\\dev\\CosmoSim\\run_sim.py'> has no attribute 'range'
_____________ ERROR at setup of test_printing_behavior_manual_run _____________
tests\conftest.py:127: in speed_patch
    monkeypatch.setattr(mod, "range", _capped_range)
E   AttributeError: <module 'run_sim' from 'C:\\Users\\steve\\dev\\CosmoSim\\run_sim.py'> has no attribute 'range'
___________ ERROR at setup of test_file_output_behavior[visualize] ____________
tests\conftest.py:127: in speed_patch
    monkeypatch.setattr(mod, "range", _capped_range)
E   AttributeError: <module 'run_sim' from 'C:\\Users\\steve\\dev\\CosmoSim\\run_sim.py'> has no attribute 'range'
_________ ERROR at setup of test_file_output_behavior[snapshot_plot] __________
tests\conftest.py:127: in speed_patch
    monkeypatch.setattr(mod, "range", _capped_range)
E   AttributeError: <module 'run_sim' from 'C:\\Users\\steve\\dev\\CosmoSim\\run_sim.py'> has no attribute 'range'
________ ERROR at setup of test_file_output_behavior[trajectory_plot] _________
tests\conftest.py:127: in speed_patch
    monkeypatch.setattr(mod, "range", _capped_range)
E   AttributeError: <module 'run_sim' from 'C:\\Users\\steve\\dev\\CosmoSim\\run_sim.py'> has no attribute 'range'
__________ ERROR at setup of test_file_output_behavior[energy_plot] ___________
tests\conftest.py:127: in speed_patch
    monkeypatch.setattr(mod, "range", _capped_range)
E   AttributeError: <module 'run_sim' from 'C:\\Users\\steve\\dev\\CosmoSim\\run_sim.py'> has no attribute 'range'
_____ ERROR at setup of test_file_output_behavior[scenarios.random_nbody] _____
tests\conftest.py:127: in speed_patch
    monkeypatch.setattr(mod, "range", _capped_range)
E   AttributeError: <module 'run_sim' from 'C:\\Users\\steve\\dev\\CosmoSim\\run_sim.py'> has no attribute 'range'
___________ ERROR at setup of test_silent_execution_scenario_runner ___________
tests\conftest.py:127: in speed_patch
    monkeypatch.setattr(mod, "range", _capped_range)
E   AttributeError: <module 'run_sim' from 'C:\\Users\\steve\\dev\\CosmoSim\\run_sim.py'> has no attribute 'range'
=========================== short test summary info ===========================
ERROR tests/test_interface_integrity.py::test_interface_existence[run_sim] - ...
ERROR tests/test_interface_integrity.py::test_interface_existence[jit_run_sim]
ERROR tests/test_interface_integrity.py::test_interface_existence[visualize]
ERROR tests/test_interface_integrity.py::test_interface_existence[snapshot_plot]
ERROR tests/test_interface_integrity.py::test_interface_existence[trajectory_plot]
ERROR tests/test_interface_integrity.py::test_interface_existence[energy_plot]
ERROR tests/test_interface_integrity.py::test_interface_existence[scenarios.manual_run]
ERROR tests/test_interface_integrity.py::test_interface_existence[scenarios.random_nbody]
ERROR tests/test_interface_integrity.py::test_interface_existence[scenarios.scenario_runner]
ERROR tests/test_interface_integrity.py::test_build_config_returns_config[run_sim]
ERROR tests/test_interface_integrity.py::test_build_config_returns_config[jit_run_sim]
ERROR tests/test_interface_integrity.py::test_build_config_returns_config[visualize]
ERROR tests/test_interface_integrity.py::test_build_config_returns_config[snapshot_plot]
ERROR tests/test_interface_integrity.py::test_build_config_returns_config[trajectory_plot]
ERROR tests/test_interface_integrity.py::test_build_config_returns_config[energy_plot]
ERROR tests/test_interface_integrity.py::test_build_config_returns_config[scenarios.manual_run]
ERROR tests/test_interface_integrity.py::test_build_config_returns_config[scenarios.random_nbody]
ERROR tests/test_interface_integrity.py::test_build_config_returns_config[scenarios.scenario_runner]
ERROR tests/test_interface_integrity.py::test_build_initial_state_returns_state[run_sim]
ERROR tests/test_interface_integrity.py::test_build_initial_state_returns_state[jit_run_sim]
ERROR tests/test_interface_integrity.py::test_build_initial_state_returns_state[visualize]
ERROR tests/test_interface_integrity.py::test_build_initial_state_returns_state[snapshot_plot]
ERROR tests/test_interface_integrity.py::test_build_initial_state_returns_state[trajectory_plot]
ERROR tests/test_interface_integrity.py::test_build_initial_state_returns_state[energy_plot]
ERROR tests/test_interface_integrity.py::test_build_initial_state_returns_state[scenarios.manual_run]
ERROR tests/test_interface_integrity.py::test_build_initial_state_returns_state[scenarios.random_nbody]
ERROR tests/test_interface_integrity.py::test_build_initial_state_returns_state[scenarios.scenario_runner]
ERROR tests/test_interface_integrity.py::test_run_executes_and_returns_state[run_sim]
ERROR tests/test_interface_integrity.py::test_run_executes_and_returns_state[jit_run_sim]
ERROR tests/test_interface_integrity.py::test_run_executes_and_returns_state[visualize]
ERROR tests/test_interface_integrity.py::test_run_executes_and_returns_state[snapshot_plot]
ERROR tests/test_interface_integrity.py::test_run_executes_and_returns_state[trajectory_plot]
ERROR tests/test_interface_integrity.py::test_run_executes_and_returns_state[energy_plot]
ERROR tests/test_interface_integrity.py::test_run_executes_and_returns_state[scenarios.manual_run]
ERROR tests/test_interface_integrity.py::test_run_executes_and_returns_state[scenarios.random_nbody]
ERROR tests/test_interface_integrity.py::test_run_executes_and_returns_state[scenarios.scenario_runner]
ERROR tests/test_ux_behavior.py::test_printing_behavior_run_sim - AttributeEr...
ERROR tests/test_ux_behavior.py::test_printing_behavior_manual_run - Attribut...
ERROR tests/test_ux_behavior.py::test_file_output_behavior[visualize] - Attri...
ERROR tests/test_ux_behavior.py::test_file_output_behavior[snapshot_plot] - A...
ERROR tests/test_ux_behavior.py::test_file_output_behavior[trajectory_plot]
ERROR tests/test_ux_behavior.py::test_file_output_behavior[energy_plot] - Att...
ERROR tests/test_ux_behavior.py::test_file_output_behavior[scenarios.random_nbody]
ERROR tests/test_ux_behavior.py::test_silent_execution_scenario_runner - Attr...
============================= 44 errors in 0.99s ==============================
